// Jest Snapshot v1, https://goo.gl/fbAQLP

exports[`dumb component without crashing 1`] = `
<ForwardRef(Bootstrap(Row))>
  <ForwardRef(Bootstrap(Col))
    xs={12}
  >
    <p>
      <LinkContainer
        activeClassName="active"
        exact={false}
        replace={false}
        strict={false}
        to="/"
      >
        <ForwardRef(Bootstrap(Button))
          bsStyle="warning"
        >
          Start Over
        </ForwardRef(Bootstrap(Button))>
      </LinkContainer>
    </p>
  </ForwardRef(Bootstrap(Col))>
</ForwardRef(Bootstrap(Row))>
`;
